// Jest Snapshot v1, https://goo.gl/fbAQLP

exports[`Render components render HomePage 1`] = `
<section>
  <div
    className="art-con"
  >
    <header>
      <img
        alt=""
        className="headerImg"
        src="97691843-group-of-dog-breeds-holding-bone-front-view-pet-background-banner.webp"
      />
      <div>
        <h1
          className="h-text"
        >
          list of  Dog breeds
        </h1>
        <p>
          172 breeds
        </p>
      </div>
    </header>
    <div
      className="search-con"
    >
      <input
        id="search"
        onChange={[Function]}
        placeholder="Search for a breed"
        type="text"
      />
    </div>
    <div
      id="card-con"
    >
      <div
        className="loading-container"
      >
        <img
          alt="loading"
          className="loading"
          src="load.png"
        />
        <p>
          Loading data...
        </p>
      </div>
    </div>
  </div>
</section>
`;
